# capture_start 2026-08-07T22:43:30.0351897+02:00 port=COM6 baud=115200
[VCM-1D4-SNIFF] n=4588 age=0 tqReq=0.00Nm(raw=0) hv=1 rplus=1 clk=2 crc=0x23 data=6E 6E 00 00 87 44 01 23
[VCM-1DA-CRC-OK] clockFix=4227/4240(99.7%)
[VCM-1D4-CRC-STATS] frames=4437 match(c1D_id1d4lo=0)
[VCM-1D4-CRC-OK] clockFix=4437/4437(100.0%)
[VCM-1D4-CRC4-STATS] idlo_clock_fix(match=4437/4437 c0=0xC0:1102 c1=0x67:1106 c2=0x0B:1122 c3=0xAC:1107)
[VCM-1D4-SNIFF] n=4775 age=0 tqReq=0.00Nm(raw=0) hv=1 rplus=1 clk=2 crc=0x23 data=6E 6E 00 00 87 44 01 23
[VCM-1DA-CRC-OK] clockFix=4392/4405(99.7%)
[VCM-1D4-CRC-STATS] frames=4590 match(c1D_id1d4lo=0)
[VCM-1D4-CRC-OK] clockFix=4590/4590(100.0%)
[VCM-1D4-CRC4-STATS] idlo_clock_fix(match=4590/4590 c0=0xC0:1136 c1=0x67:1147 c2=0x0B:1161 c3=0xAC:1146)
[VCM-1D4-SNIFF] n=4969 age=0 tqReq=0.00Nm(raw=0) hv=1 rplus=1 clk=2 crc=0x23 data=6E 6E 00 00 87 44 01 23
[VCM-1DA-CRC-OK] clockFix=4561/4574(99.7%)
[VCM-1D4-CRC-STATS] frames=4755 match(c1D_id1d4lo=0)
[VCM-1D4-CRC-OK] clockFix=4755/4755(100.0%)
[VCM-1D4-CRC4-STATS] idlo_clock_fix(match=4755/4755 c0=0xC0:1175 c1=0x67:1188 c2=0x0B:1200 c3=0xAC:1192)
[VCM-1D4-SNIFF] n=5143 age=0 tqReq=0.00Nm(raw=0) hv=1 rplus=1 clk=3 crc=0xE4 data=6E 6E 00 00 C7 44 01 E4
[VCM-1DA-CRC-OK] clockFix=4729/4742(99.7%)
[VCM-1D4-CRC-STATS] frames=4925 match(c1D_id1d4lo=0)
[VCM-1D4-CRC-OK] clockFix=4925/4925(100.0%)
[VCM-1D4-CRC4-STATS] idlo_clock_fix(match=4925/4925 c0=0xC0:1213 c1=0x67:1232 c2=0x0B:1242 c3=0xAC:1238)
[HEARTBEAT] ts=60, ssid=TP-Link_458C, wifi=3 (WL_CONNECTED), ip=192.168.1.100, ota=ready, vcu_mode=can_inverter_status, vcu_ready=1, vcu_ready_src=fallback_55a, prestart_warn=0, rb_plus=1, ssr=1, torque=-0.64, egt_hot=16.2, amb=17.5, press=1020.3, rh=68.0, rho=1.217, cf=0.9897, nau_ldo=1, nau_cal=1, nau_cal_attempts=1, rpm_raw01_le=12960, rpm_raw01_be=41010, rpm_raw23_le=88, rpm_raw23_be=22528, tq_raw01_le=0, tq_raw01_be=0, tq_raw23_le=0, tq_raw23_be=0
[VCM-1D4-SNIFF] n=5319 age=0 tqReq=0.00Nm(raw=0) hv=1 rplus=1 clk=3 crc=0xE4 data=6E 6E 00 00 C7 44 01 E4
[VCM-1DA-CRC-OK] clockFix=4899/4912(99.7%)
[VCM-1D4-CRC-STATS] frames=5095 match(c1D_id1d4lo=0)
[VCM-1D4-CRC-OK] clockFix=5095/5095(100.0%)
[VCM-1D4-CRC4-STATS] idlo_clock_fix(match=5095/5095 c0=0xC0:1258 c1=0x67:1273 c2=0x0B:1286 c3=0xAC:1278)
[VCM-1D4-SNIFF] n=5499 age=0 tqReq=0.00Nm(raw=0) hv=1 rplus=1 clk=3 crc=0xE4 data=6E 6E 00 00 C7 44 01 E4
[VCM-1DA-CRC-OK] clockFix=5070/5083(99.7%)
[VCM-1D4-CRC-STATS] frames=5271 match(c1D_id1d4lo=0)
[VCM-1D4-CRC-OK] clockFix=5271/5271(100.0%)
[VCM-1D4-CRC4-STATS] idlo_clock_fix(match=5271/5271 c0=0xC0:1303 c1=0x67:1316 c2=0x0B:1330 c3=0xAC:1322)
[VCM-1D4-SNIFF] n=5682 age=0 tqReq=0.00Nm(raw=0) hv=1 rplus=1 clk=3 crc=0xE4 data=6E 6E 00 00 C7 44 01 E4
[VCM-1DA-CRC-OK] clockFix=5241/5254(99.8%)
[VCM-1D4-CRC-STATS] frames=5451 match(c1D_id1d4lo=0)
[VCM-1D4-CRC-OK] clockFix=5451/5451(100.0%)
[VCM-1D4-CRC4-STATS] idlo_clock_fix(match=5451/5451 c0=0xC0:1347 c1=0x67:1360 c2=0x0B:1377 c3=0xAC:1367)
[VCM-1D4-SNIFF] n=5870 age=0 tqReq=0.00Nm(raw=0) hv=1 rplus=1 clk=3 crc=0xE4 data=6E 6E 00 00 C7 44 01 E4
[VCM-1DA-CRC-OK] clockFix=5413/5426(99.8%)
[VCM-1D4-CRC-STATS] frames=5635 match(c1D_id1d4lo=0)
[VCM-1D4-CRC-OK] clockFix=5635/5635(100.0%)
[VCM-1D4-CRC4-STATS] idlo_clock_fix(match=5635/5635 c0=0xC0:1395 c1=0x67:1407 c2=0x0B:1421 c3=0xAC:1412)
[VCM-1D4-SNIFF] n=6058 age=0 tqReq=0.00Nm(raw=0) hv=1 rplus=1 clk=3 crc=0xE4 data=6E 6E 00 00 C7 44 01 E4
[VCM-1DA-CRC-OK] clockFix=5579/5592(99.8%)
[VCM-1D4-CRC-STATS] frames=5815 match(c1D_id1d4lo=0)
[VCM-1D4-CRC-OK] clockFix=5815/5815(100.0%)
[VCM-1D4-CRC4-STATS] idlo_clock_fix(match=5815/5815 c0=0xC0:1441 c1=0x67:1451 c2=0x0B:1466 c3=0xAC:1457)
[VCM-1D4-SNIFF] n=6241 age=0 tqReq=0.00Nm(raw=0) hv=1 rplus=1 clk=3 crc=0xE4 data=6E 6E 00 00 C7 44 01 E4
[VCM-1DA-CRC-OK] clockFix=5747/5760(99.8%)
[VCM-1D4-CRC-STATS] frames=5990 match(c1D_id1d4lo=0)
[VCM-1D4-CRC-OK] clockFix=5990/5990(100.0%)
[VCM-1D4-CRC4-STATS] idlo_clock_fix(match=5990/5990 c0=0xC0:1486 c1=0x67:1494 c2=0x0B:1511 c3=0xAC:1499)
[VCM-1D4-SNIFF] n=6430 age=0 tqReq=0.00Nm(raw=0) hv=1 rplus=1 clk=0 crc=0x28 data=6E 6E 00 00 07 44 01 28
[VCM-1DA-CRC-OK] clockFix=5912/5925(99.8%)
[VCM-1D4-CRC-STATS] frames=6174 match(c1D_id1d4lo=0)
[VCM-1D4-CRC-OK] clockFix=6174/6174(100.0%)
[VCM-1D4-CRC4-STATS] idlo_clock_fix(match=6174/6174 c0=0xC0:1533 c1=0x67:1538 c2=0x0B:1557 c3=0xAC:1546)
[HEARTBEAT] ts=75, ssid=TP-Link_458C, wifi=3 (WL_CONNECTED), ip=192.168.1.100, ota=ready, vcu_mode=can_inverter_status, vcu_ready=1, vcu_ready_src=fallback_55a, prestart_warn=0, rb_plus=1, ssr=1, torque=-0.76, egt_hot=15.9, amb=17.5, press=1020.3, rh=68.1, rho=1.217, cf=0.9897, nau_ldo=1, nau_cal=1, nau_cal_attempts=1, rpm_raw01_le=12960, rpm_raw01_be=41010, rpm_raw23_le=88, rpm_raw23_be=22528, tq_raw01_le=0, tq_raw01_be=0, tq_raw23_le=0, tq_raw23_be=0
[VCM-1D4-SNIFF] n=6625 age=0 tqReq=0.00Nm(raw=0) hv=1 rplus=1 clk=1 crc=0xEF data=6E 6E 00 00 47 44 01 EF
[VCM-1DA-CRC-OK] clockFix=6085/6098(99.8%)
[VCM-1D4-CRC-STATS] frames=6366 match(c1D_id1d4lo=0)
[VCM-1D4-CRC-OK] clockFix=6366/6366(100.0%)
[VCM-1D4-CRC4-STATS] idlo_clock_fix(match=6366/6366 c0=0xC0:1582 c1=0x67:1587 c2=0x0B:1603 c3=0xAC:1594)
[VCM-1D4-SNIFF] n=6815 age=0 tqReq=0.00Nm(raw=0) hv=1 rplus=1 clk=1 crc=0xEF data=6E 6E 00 00 47 44 01 EF
[VCM-1DA-CRC-OK] clockFix=6252/6265(99.8%)
[VCM-1D4-CRC-STATS] frames=6554 match(c1D_id1d4lo=0)
[VCM-1D4-CRC-OK] clockFix=6554/6554(100.0%)
[VCM-1D4-CRC4-STATS] idlo_clock_fix(match=6554/6554 c0=0xC0:1630 c1=0x67:1634 c2=0x0B:1651 c3=0xAC:1639)
[VCM-1D4-SNIFF] n=7009 age=0 tqReq=0.00Nm(raw=0) hv=1 rplus=1 clk=2 crc=0x23 data=6E 6E 00 00 87 44 01 23
[VCM-1DA-CRC-OK] clockFix=6421/6434(99.8%)
[VCM-1D4-CRC-STATS] frames=6741 match(c1D_id1d4lo=0)
[VCM-1D4-CRC-OK] clockFix=6741/6741(100.0%)
[VCM-1D4-CRC4-STATS] idlo_clock_fix(match=6741/6741 c0=0xC0:1676 c1=0x67:1680 c2=0x0B:1700 c3=0xAC:1685)
[VCM-1D4-SNIFF] n=7199 age=0 tqReq=0.00Nm(raw=0) hv=1 rplus=1 clk=3 crc=0xE4 data=6E 6E 00 00 C7 44 01 E4
[VCM-1DA-CRC-OK] clockFix=6588/6601(99.8%)
[VCM-1D4-CRC-STATS] frames=6924 match(c1D_id1d4lo=0)
[VCM-1D4-CRC-OK] clockFix=6924/6924(100.0%)
[VCM-1D4-CRC4-STATS] idlo_clock_fix(match=6924/6924 c0=0xC0:1724 c1=0x67:1725 c2=0x0B:1745 c3=0xAC:1730)
[VCM-1D4-SNIFF] n=7391 age=0 tqReq=0.00Nm(raw=0) hv=1 rplus=1 clk=3 crc=0xE4 data=6E 6E 00 00 C7 44 01 E4
[VCM-1DA-CRC-OK] clockFix=6759/6772(99.8%)
[VCM-1D4-CRC-STATS] frames=7114 match(c1D_id1d4lo=0)
[VCM-1D4-CRC-OK] clockFix=7114/7114(100.0%)
[VCM-1D4-CRC4-STATS] idlo_clock_fix(match=7114/7114 c0=0xC0:1772 c1=0x67:1774 c2=0x0B:1791 c3=0xAC:1777)
[VCM-SIMPLE] mode=ZERO fb1da=0.00Nm ageMs(tq=0)
[VCM-1D4-SNIFF] n=7583 age=0 tqReq=0.00Nm(raw=0) hv=1 rplus=1 clk=3 crc=0xE4 data=6E 6E 00 00 C7 44 01 E4
[VCM-1DA-CRC-OK] clockFix=6929/6942(99.8%)
[VCM-1D4-CRC-STATS] frames=7298 match(c1D_id1d4lo=0)
[VCM-1D4-CRC-OK] clockFix=7298/7298(100.0%)
[VCM-1D4-CRC4-STATS] idlo_clock_fix(match=7298/7298 c0=0xC0:1819 c1=0x67:1817 c2=0x0B:1838 c3=0xAC:1824)
[VCM-1D4-SNIFF] n=7778 age=0 tqReq=0.00Nm(raw=0) hv=1 rplus=1 clk=3 crc=0xE4 data=6E 6E 00 00 C7 44 01 E4
[VCM-1DA-CRC-OK] clockFix=7103/7116(99.8%)
[VCM-1D4-CRC-STATS] frames=7483 match(c1D_id1d4lo=0)
[VCM-1D4-CRC-OK] clockFix=7483/7483(100.0%)
[VCM-1D4-CRC4-STATS] idlo_clock_fix(match=7483/7483 c0=0xC0:1867 c1=0x67:1865 c2=0x0B:1881 c3=0xAC:1870)
[VCM-1D4-SNIFF] n=7973 age=0 tqReq=0.00Nm(raw=0) hv=1 rplus=1 clk=0 crc=0x28 data=6E 6E 00 00 07 44 01 28
[VCM-1DA-CRC-OK] clockFix=7274/7287(99.8%)
[VCM-1D4-CRC-STATS] frames=7665 match(c1D_id1d4lo=0)
[VCM-1D4-CRC-OK] clockFix=7665/7665(100.0%)
[VCM-1D4-CRC4-STATS] idlo_clock_fix(match=7665/7665 c0=0xC0:1912 c1=0x67:1912 c2=0x0B:1924 c3=0xAC:1917)
[HEARTBEAT] ts=90, ssid=TP-Link_458C, wifi=3 (WL_CONNECTED), ip=192.168.1.100, ota=ready, vcu_mode=can_inverter_status, vcu_ready=1, vcu_ready_src=fallback_55a, prestart_warn=0, rb_plus=1, ssr=1, torque=-0.60, egt_hot=16.2, amb=17.5, press=1020.3, rh=68.1, rho=1.217, cf=0.9897, nau_ldo=1, nau_cal=1, nau_cal_attempts=1, rpm_raw01_le=12960, rpm_raw01_be=41010, rpm_raw23_le=88, rpm_raw23_be=22528, tq_raw01_le=0, tq_raw01_be=0, tq_raw23_le=0, tq_raw23_be=0
[VCM-1D4-SNIFF] n=8159 age=0 tqReq=0.00Nm(raw=0) hv=1 rplus=1 clk=0 crc=0x28 data=6E 6E 00 00 07 44 01 28
[VCM-1DA-CRC-OK] clockFix=7444/7457(99.8%)
[VCM-1D4-CRC-STATS] frames=7843 match(c1D_id1d4lo=0)
[VCM-1D4-CRC-OK] clockFix=7843/7843(100.0%)
[VCM-1D4-CRC4-STATS] idlo_clock_fix(match=7843/7843 c0=0xC0:1955 c1=0x67:1958 c2=0x0B:1968 c3=0xAC:1962)
[VCM-1D4-SNIFF] n=8345 age=0 tqReq=0.00Nm(raw=0) hv=1 rplus=1 clk=3 crc=0xE4 data=6E 6E 00 00 C7 44 01 E4
[VCM-1DA-CRC-OK] clockFix=7612/7625(99.8%)
[VCM-1D4-CRC-STATS] frames=8004 match(c1D_id1d4lo=0)
[VCM-1D4-CRC-OK] clockFix=8004/8004(100.0%)
[VCM-1D4-CRC4-STATS] idlo_clock_fix(match=8004/8004 c0=0xC0:1998 c1=0x67:1995 c2=0x0B:2008 c3=0xAC:2003)
[VCM-1D4-SNIFF] n=8539 age=0 tqReq=0.00Nm(raw=0) hv=1 rplus=1 clk=0 crc=0x28 data=6E 6E 00 00 07 44 01 28
[VCM-1DA-CRC-OK] clockFix=7783/7796(99.8%)
[VCM-1D4-CRC-STATS] frames=8173 match(c1D_id1d4lo=0)
[VCM-1D4-CRC-OK] clockFix=8173/8173(100.0%)
[VCM-1D4-CRC4-STATS] idlo_clock_fix(match=8173/8173 c0=0xC0:2043 c1=0x67:2036 c2=0x0B:2052 c3=0xAC:2042)
[VCM-1D4-SNIFF] n=8720 age=0 tqReq=0.00Nm(raw=0) hv=1 rplus=1 clk=3 crc=0xE4 data=6E 6E 00 00 C7 44 01 E4
[VCM-1DA-CRC-OK] clockFix=7955/7968(99.8%)
[VCM-1D4-CRC-STATS] frames=8346 match(c1D_id1d4lo=0)
[VCM-1D4-CRC-OK] clockFix=8346/8346(100.0%)
[VCM-1D4-CRC4-STATS] idlo_clock_fix(match=8346/8346 c0=0xC0:2086 c1=0x67:2079 c2=0x0B:2096 c3=0xAC:2085)
[VCM-1D4-SNIFF] n=8899 age=0 tqReq=0.00Nm(raw=0) hv=1 rplus=1 clk=0 crc=0x28 data=6E 6E 00 00 07 44 01 28
[VCM-1DA-CRC-OK] clockFix=8131/8144(99.8%)
[VCM-1D4-CRC-STATS] frames=8525 match(c1D_id1d4lo=0)
[VCM-1D4-CRC-OK] clockFix=8525/8525(100.0%)
[VCM-1D4-CRC4-STATS] idlo_clock_fix(match=8525/8525 c0=0xC0:2133 c1=0x67:2125 c2=0x0B:2139 c3=0xAC:2128)
[VCM-1D4-SNIFF] n=9084 age=0 tqReq=0.00Nm(raw=0) hv=1 rplus=1 clk=0 crc=0x28 data=6E 6E 00 00 07 44 01 28
[VCM-1DA-CRC-OK] clockFix=8308/8321(99.8%)
[VCM-1D4-CRC-STATS] frames=8704 match(c1D_id1d4lo=0)
[VCM-1D4-CRC-OK] clockFix=8704/8704(100.0%)
[VCM-1D4-CRC4-STATS] idlo_clock_fix(match=8704/8704 c0=0xC0:2179 c1=0x67:2170 c2=0x0B:2186 c3=0xAC:2169)
[VCM-1D4-SNIFF] n=9267 age=0 tqReq=0.00Nm(raw=0) hv=1 rplus=1 clk=3 crc=0xE4 data=6E 6E 00 00 C7 44 01 E4
[VCM-1DA-CRC-OK] clockFix=8470/8483(99.8%)
[VCM-1D4-CRC-STATS] frames=8882 match(c1D_id1d4lo=0)
[VCM-1D4-CRC-OK] clockFix=8882/8882(100.0%)
[VCM-1D4-CRC4-STATS] idlo_clock_fix(match=8882/8882 c0=0xC0:2224 c1=0x67:2218 c2=0x0B:2229 c3=0xAC:2211)
[HEARTBEAT] ts=105, ssid=TP-Link_458C, wifi=3 (WL_CONNECTED), ip=192.168.1.100, ota=ready, vcu_mode=can_inverter_status, vcu_ready=1, vcu_ready_src=fallback_55a, prestart_warn=0, rb_plus=1, ssr=1, torque=-0.58, egt_hot=16.2, amb=17.5, press=1020.3, rh=68.2, rho=1.217, cf=0.9897, nau_ldo=1, nau_cal=1, nau_cal_attempts=1, rpm_raw01_le=12960, rpm_raw01_be=41010, rpm_raw23_le=88, rpm_raw23_be=22528, tq_raw01_le=0, tq_raw01_be=0, tq_raw23_le=0, tq_raw23_be=0
[VCM-1D4-SNIFF] n=9452 age=0 tqReq=0.00Nm(raw=0) hv=1 rplus=1 clk=0 crc=0x28 data=6E 6E 00 00 07 44 01 28
[VCM-1DA-CRC-OK] clockFix=8635/8648(99.8%)
[VCM-1D4-CRC-STATS] frames=9061 match(c1D_id1d4lo=0)
[VCM-1D4-CRC-OK] clockFix=9061/9061(100.0%)
[VCM-1D4-CRC4-STATS] idlo_clock_fix(match=9061/9061 c0=0xC0:2269 c1=0x67:2261 c2=0x0B:2274 c3=0xAC:2257)
[VCM-1D4-SNIFF] n=9640 age=0 tqReq=0.00Nm(raw=0) hv=1 rplus=1 clk=1 crc=0xEF data=6E 6E 00 00 47 44 01 EF
[VCM-1DA-CRC-OK] clockFix=8814/8827(99.9%)
[VCM-1D4-CRC-STATS] frames=9245 match(c1D_id1d4lo=0)
[VCM-1D4-CRC-OK] clockFix=9245/9245(100.0%)
[VCM-1D4-CRC4-STATS] idlo_clock_fix(match=9245/9245 c0=0xC0:2314 c1=0x67:2308 c2=0x0B:2322 c3=0xAC:2301)
[VCM-1D4-SNIFF] n=9821 age=0 tqReq=0.00Nm(raw=0) hv=1 rplus=1 clk=1 crc=0xEF data=6E 6E 00 00 47 44 01 EF
[VCM-1DA-CRC-OK] clockFix=8979/8992(99.9%)
[VCM-1D4-CRC-STATS] frames=9420 match(c1D_id1d4lo=0)
[VCM-1D4-CRC-OK] clockFix=9420/9420(100.0%)
[VCM-1D4-CRC4-STATS] idlo_clock_fix(match=9420/9420 c0=0xC0:2359 c1=0x67:2349 c2=0x0B:2365 c3=0xAC:2347)
[VCM-1D4-SNIFF] n=10012 age=0 tqReq=0.00Nm(raw=0) hv=1 rplus=1 clk=1 crc=0xEF data=6E 6E 00 00 47 44 01 EF
[VCM-1DA-CRC-OK] clockFix=9145/9158(99.9%)
[VCM-1D4-CRC-STATS] frames=9607 match(c1D_id1d4lo=0)
[VCM-1D4-CRC-OK] clockFix=9607/9607(100.0%)
[VCM-1D4-CRC4-STATS] idlo_clock_fix(match=9607/9607 c0=0xC0:2405 c1=0x67:2397 c2=0x0B:2414 c3=0xAC:2391)
# capture_end 2026-08-07T22:44:30.2750478+02:00
[VCM-1DA-CRC-OK] clockFix=7059/7259(97.2%)
[VCM-1D4-CRC-STATS] frames=0 match(c1D_id1d4lo=0)
[VCM-1D4-CRC-OK] clockFix=0/0(0.0%)
[VCM-1D4-CRC4-STATS] idlo_clock_fix(match=0/0 c0=0x00:0 c1=0x00:0 c2=0x00:0 c3=0x00:0)
[VCM-SIMPLE] mode=ZERO fb1da=0.00Nm ageMs(tq=0)
[VCM-1DA-CRC-OK] clockFix=7244/7444(97.3%)
[VCM-1D4-CRC-STATS] frames=0 match(c1D_id1d4lo=0)
[VCM-1D4-CRC-OK] clockFix=0/0(0.0%)
[VCM-1D4-CRC4-STATS] idlo_clock_fix(match=0/0 c0=0x00:0 c1=0x00:0 c2=0x00:0 c3=0x00:0)
[CAN-EVENT] ready=1 state=1 tx_fail=0 tx_not_ready=1 recov=0 bus_off=0 status_q_fail=0 twai(rxq=2 txq=0 rx_miss=35 rx_ovr=0 arb_lost=2242 bus_err=0 tec=0 rec=0)
[VCM-1DA-CRC-OK] clockFix=7431/7631(97.4%)
[VCM-1D4-CRC-STATS] frames=0 match(c1D_id1d4lo=0)
[VCM-1D4-CRC-OK] clockFix=0/0(0.0%)
[VCM-1D4-CRC4-STATS] idlo_clock_fix(match=0/0 c0=0x00:0 c1=0x00:0 c2=0x00:0 c3=0x00:0)
[HEARTBEAT] ts=90, ssid=TP-Link_458C, wifi=3 (WL_CONNECTED), ip=192.168.1.100, ota=ready, vcu_mode=can_inverter_status, vcu_ready=1, vcu_ready_src=fallback_55a, prestart_warn=0, rb_plus=1, ssr=1, torque=0.07, egt_hot=15.4, amb=17.2, press=1020.4, rh=69.4, rho=1.218, cf=0.9887, nau_ldo=1, nau_cal=1, nau_cal_attempts=1, rpm_raw01_le=161, rpm_raw01_be=41216, rpm_raw23_le=88, rpm_raw23_be=22528, tq_raw01_le=0, tq_raw01_be=0, tq_raw23_le=0, tq_raw23_be=0
[VCM-1DA-CRC-OK] clockFix=7607/7817(97.3%)
[VCM-1D4-CRC-STATS] frames=0 match(c1D_id1d4lo=0)
[VCM-1D4-CRC-OK] clockFix=0/0(0.0%)
[VCM-1D4-CRC4-STATS] idlo_clock_fix(match=0/0 c0=0x00:0 c1=0x00:0 c2=0x00:0 c3=0x00:0)
[CAN-EVENT] ready=1 state=1 tx_fail=0 tx_not_ready=1 recov=0 bus_off=0 status_q_fail=0 twai(rxq=5 txq=0 rx_miss=37 rx_ovr=0 arb_lost=2301 bus_err=0 tec=0 rec=0)
[VCM-1DA-CRC-OK] clockFix=7795/8005(97.4%)
[VCM-1D4-CRC-STATS] frames=0 match(c1D_id1d4lo=0)
[VCM-1D4-CRC-OK] clockFix=0/0(0.0%)
[VCM-1D4-CRC4-STATS] idlo_clock_fix(match=0/0 c0=0x00:0 c1=0x00:0 c2=0x00:0 c3=0x00:0)
