Processing esp32s3-USB (platform: espressif32; board: esp32-s3-devkitc-1; framework: arduino)
--------------------------------------------------------------------------------
Verbose mode can be enabled via `-v, --verbose` option
CONFIGURATION: https://docs.platformio.org/page/boards/espressif32/esp32-s3-devkitc-1.html
PLATFORM: Espressif 32 (7.0.1) > Espressif ESP32-S3-DevKitC-1-N8 (8 MB QD, No PSRAM)
HARDWARE: ESP32S3 240MHz, 320KB RAM, 8MB Flash
DEBUG: Current (esp-builtin) On-board (esp-builtin) External (cmsis-dap, esp-bridge, esp-prog, iot-bus-jtag, jlink, minimodule, olimex-arm-usb-ocd, olimex-arm-usb-ocd-h, olimex-arm-usb-tiny-h, olimex-jtag-tiny, tumpa)
PACKAGES: 
 - framework-arduinoespressif32 @ 3.20017.241212+sha.dcc1105b 
 - tool-esptoolpy @ 2.41100.0 (4.11.0) 
 - tool-openocd-esp32 @ 2.1100.20220706 (11.0) 
 - toolchain-riscv32-esp @ 8.4.0+2021r2-patch5 
 - toolchain-xtensa-esp32s3 @ 8.4.0+2021r2-patch5
LDF: Library Dependency Finder -> https://bit.ly/configure-pio-ldf
LDF Modes: Finder ~ deep+, Compatibility ~ strict
Found 53 compatible libraries
Scanning dependencies...
Dependency Graph
|-- Adafruit NeoPixel @ 1.15.5
|-- Adafruit MCP9600 Library @ 2.0.4
|-- ESPAsyncWebServer @ 3.6.0
|-- AsyncTCP @ 3.3.2
|-- Adafruit BME680 Library @ 2.0.6
|-- ArduinoJson @ 7.4.3
|-- HAL_CAN
|-- Preferences @ 2.0.0
|-- LittleFS @ 2.0.0
|-- FS @ 2.0.0
|-- WiFi @ 2.0.0
|-- Wire @ 2.0.0
|-- Adafruit BusIO @ 1.17.4
|-- SPI @ 2.0.0
|-- Adafruit Unified Sensor @ 1.1.15
|-- Adafruit_NAU7802
|-- HAL_Temp
|-- ArduinoModbusTCP @ 1.0.10-tcp-only
|-- ArduinoOTA @ 2.0.0
|-- Update @ 2.0.0
Building in release mode
Retrieving maximum program size .pio\build\esp32s3-USB\firmware.elf
Checking size .pio\build\esp32s3-USB\firmware.elf
Advanced Memory Usage is available via "PlatformIO Home > Project Inspect"
RAM:   [==        ]  17.9% (used 58604 bytes from 327680 bytes)
Flash: [=====     ]  48.2% (used 1137029 bytes from 2359296 bytes)
========================= [SUCCESS] Took 14.43 seconds =========================

Environment    Status    Duration
-------------  --------  ------------
esp32s3-USB    SUCCESS   00:00:14.430
========================= 1 succeeded in 00:00:14.430 =========================
