[CAN-EVENT] ready=1 state=1 tx_fail=0 tx_not_ready=1 recov=0 bus_off=0 status_q_fail=0 twai(rxq=2 txq=0 rx_miss=54 rx_ovr=0 arb_lost=4225 bus_err=0 tec=0 rec=0)
[VCM-1DA-CRC-OK] clockFix=16802/17319(97.0%)
[VCM-1D4-CRC-STATS] frames=0 match(c1D_id1d4lo=0)
[VCM-1D4-CRC-OK] clockFix=0/0(0.0%)
[VCM-1D4-CRC4-STATS] idlo_clock_fix(match=0/0 c0=0x00:0 c1=0x00:0 c2=0x00:0 c3=0x00:0)
[VCM-1DA-CRC-OK] clockFix=16992/17509(97.0%)
[VCM-1D4-CRC-STATS] frames=0 match(c1D_id1d4lo=0)
[VCM-1D4-CRC-OK] clockFix=0/0(0.0%)
[VCM-1D4-CRC4-STATS] idlo_clock_fix(match=0/0 c0=0x00:0 c1=0x00:0 c2=0x00:0 c3=0x00:0)
[HEARTBEAT] ts=195, ssid=TP-Link_458C, wifi=3 (WL_CONNECTED), ip=192.168.1.100, ota=ready, vcu_mode=can_inverter_status, vcu_ready=1, vcu_ready_src=fallback_55a, prestart_warn=0, rb_plus=1, ssr=1, torque=0.02, egt_hot=15.8, amb=17.2, press=1020.4, rh=69.6, rho=1.218, cf=0.9884, nau_ldo=1, nau_cal=1, nau_cal_attempts=1, rpm_raw01_le=161, rpm_raw01_be=41216, rpm_raw23_le=88, rpm_raw23_be=22528, tq_raw01_le=0, tq_raw01_be=0, tq_raw23_le=0, tq_raw23_be=0
[VCM-1DA-CRC-OK] clockFix=17179/17696(97.1%)
[VCM-1D4-CRC-STATS] frames=0 match(c1D_id1d4lo=0)
[VCM-1D4-CRC-OK] clockFix=0/0(0.0%)
[VCM-1D4-CRC4-STATS] idlo_clock_fix(match=0/0 c0=0x00:0 c1=0x00:0 c2=0x00:0 c3=0x00:0)
[CAN-EVENT] ready=1 state=1 tx_fail=0 tx_not_ready=1 recov=0 bus_off=0 status_q_fail=0 twai(rxq=2 txq=0 rx_miss=54 rx_ovr=0 arb_lost=4250 bus_err=0 tec=0 rec=0)
[VCM-1DA-CRC-OK] clockFix=17365/17882(97.1%)
[VCM-1D4-CRC-STATS] frames=0 match(c1D_id1d4lo=0)
[VCM-1D4-CRC-OK] clockFix=0/0(0.0%)
[VCM-1D4-CRC4-STATS] idlo_clock_fix(match=0/0 c0=0x00:0 c1=0x00:0 c2=0x00:0 c3=0x00:0)
[VCM-1DA-CRC-OK] clockFix=17551/18068(97.1%)
[VCM-1D4-CRC-STATS] frames=0 match(c1D_id1d4lo=0)
[VCM-1D4-CRC-OK] clockFix=0/0(0.0%)
[VCM-1D4-CRC4-STATS] idlo_clock_fix(match=0/0 c0=0x00:0 c1=0x00:0 c2=0x00:0 c3=0x00:0)
